┌──────────────────────────────────────┐
│Notice                                │
│This is a longer message that expla...│
│                                      │
│                                      │
│                                      │
│                                      │
│                                      │
│                                      │
└──────────────────────────────────────┘