[-] directory_tree_fixture              
  [+] config                            
  [+] src                               
      README.txt                        
                                        
                                        
                                        
                                        