                                                            
╭───────────────────────── Commands ───────────────────────╮
│ >                                                        │
│──────────────────────────────────────────────────────────│
│ App                                                      │
│  Quit                                                    │
│ File                                                     │
│  Open File                                               │
╰──────────────────────────────────────────────────────────╯
                                                            