Title                         
                              
● One                         
● Two                         
                              
Bold text.                    
                              
                              
                              
                              
