                                                                      
                                                                      
                                                                      
                                                  i Saved             
                                                  Project updated     
                                                 ! Network            
                                                 Retrying connection  
                                                                      